<testsuite errors="0" failures="0" name="" skips="0" tests="8" time="31.3639819622"><testcase classname="GetLoadBalancersTests" name="test_item_not_found" result="PASSED" /><testcase classname="GetLoadBalancersTests" name="test_get_load_balancers" result="PASSED" /><testcase classname="GetLoadBalancersTests" name="test_wrong_auth_token" result="PASSED" /><testcase classname="GetLoadBalancersTests" name="test_invalid_name" result="PASSED" /><testcase classname="GetLoadBalancersTests" name="test_method_not_allowed" result="PASSED" /><testcase classname="GetLoadBalancersTests" name="test_wrong_searialization_format" result="PASSED" /><testcase classname="GetLoadBalancersTests" name="test_wrong_desearialization_format" result="PASSED" /><testcase classname="GetLoadBalancersTests" name="test_invalid_region" result="PASSED" /></testsuite>